[www.hophopfood.org/index.html]
[backblue.gif]
[fade.gif]
[index.html]
[www.hophopfood.org/wp-includes/css/dashicons.min1e39.css]
[www.hophopfood.org/wp-includes/js/jquery/jquery.minf43b.js]
[www.hophopfood.org/feed/index.html]
[www.hophopfood.org/_jb_static/indexa182.html]
[www.hophopfood.org/comments/feed/index.html]
[www.hophopfood.org/wp-json/wp/v2/pages/11892.json]
[www.hophopfood.org/wp-json/index.html]
[www.hophopfood.org/xmlrpc0db0.php]
[www.hophopfood.org/wp-json/oembed/1.0/embed112d.json]
[www.hophopfood.org/wp-json/oembed/1.0/embed2768]
[i0.wp.com/www.hophopfood.org/wp-content/uploads/2022/03/cropped-HHF-fond-transparent-1-e1646760868538e43b.png]
[i0.wp.com/www.hophopfood.org/wp-content/uploads/2022/03/cropped-HHF-fond-transparent-1-e164676086853898d8.png]
[i0.wp.com/www.hophopfood.org/wp-content/uploads/2022/03/cropped-HHF-fond-transparent-1-e1646760868538f9b5.png]
[i0.wp.com/www.hophopfood.org/wp-content/uploads/2023/01/HHF-fond-transparent2000e9e.png]
[i0.wp.com/www.hophopfood.org/wp-content/uploads/2022/11/association-reconnue-d-interet-general8830.jpg]
[i0.wp.com/www.hophopfood.org/wp-content/uploads/2022/09/googleplay-cta2578.png]
[i0.wp.com/www.hophopfood.org/wp-content/uploads/2022/09/appstore-ctae6cb.png]
[i0.wp.com/www.hophopfood.org/wp-content/uploads/2022/12/collecte-dec-3-1ea46.png]
[i0.wp.com/www.hophopfood.org/wp-content/uploads/2019/04/Bénévolesbe28.jpg]
[www.hophopfood.org/particuliers-2/index.html]
[www.hophopfood.org/nous-connaitre/index.html]
[www.hophopfood.org/professionnels/index.html]
[i0.wp.com/www.hophopfood.org/wp-content/uploads/2023/03/Guillaume_Gomez50ee.jpg]
[i0.wp.com/www.hophopfood.org/wp-content/uploads/2022/12/Alaingeaamcc38.jpg]
[i0.wp.com/www.hophopfood.org/wp-content/uploads/2022/11/Tinypeople-e16693726831706b65.png]
[i0.wp.com/www.hophopfood.org/wp-content/uploads/2022/10/Particulier229b.png]
[i0.wp.com/www.hophopfood.org/wp-content/uploads/2022/12/epicier4433.png]
[i0.wp.com/www.hophopfood.org/wp-content/uploads/2022/12/epicier11db.png]
[i0.wp.com/www.hophopfood.org/wp-content/uploads/2023/01/Monop180465b.png]
[i0.wp.com/www.hophopfood.org/wp-content/uploads/2023/01/Franprix180465b.png]
[i0.wp.com/www.hophopfood.org/wp-content/uploads/2023/01/Inter180465b.png]
[i0.wp.com/www.hophopfood.org/wp-content/uploads/2023/01/Biocop180465b.png]
[i0.wp.com/www.hophopfood.org/wp-content/uploads/2023/01/Carrfour180465b.png]
[i0.wp.com/www.hophopfood.org/wp-content/uploads/2023/01/Harmony300465b.jpg]
[i0.wp.com/www.hophopfood.org/wp-content/uploads/2023/03/sncf465b.png]
[i0.wp.com/www.hophopfood.org/wp-content/uploads/2023/03/soleader465b.png]
[i0.wp.com/www.hophopfood.org/wp-content/uploads/2023/03/sos465b.png]
[i0.wp.com/www.hophopfood.org/wp-content/uploads/2023/03/Up180465b.png]
[i0.wp.com/www.hophopfood.org/wp-content/uploads/2023/03/ratp465b.png]
[www.hophopfood.org/nous-aider/index.html]
[i0.wp.com/www.hophopfood.org/wp-content/uploads/2023/03/randstat465b.png]
[i0.wp.com/www.hophopfood.org/wp-content/uploads/2023/03/monop465b.png]
[i0.wp.com/www.hophopfood.org/wp-content/uploads/2023/03/mgen465b.png]
[i0.wp.com/www.hophopfood.org/wp-content/uploads/2023/03/koeo465b.png]
[i0.wp.com/www.hophopfood.org/wp-content/uploads/2023/03/goutpartage465b.png]
[i0.wp.com/www.hophopfood.org/wp-content/uploads/2023/03/asnic465b.png]
[i0.wp.com/www.hophopfood.org/wp-content/uploads/2023/03/emmaus465b.png]
[i0.wp.com/www.hophopfood.org/wp-content/uploads/2023/03/fage465b.png]
[i0.wp.com/www.hophopfood.org/wp-content/uploads/2023/03/fondcarrfour465b.png]
[i0.wp.com/www.hophopfood.org/wp-content/uploads/2023/03/feulhade465b.png]
[i0.wp.com/www.hophopfood.org/wp-content/uploads/2023/03/akuo465b.png]
[i0.wp.com/www.hophopfood.org/wp-content/uploads/2023/03/studhelp465b.png]
[i0.wp.com/www.hophopfood.org/wp-content/uploads/2022/10/quotation4587.png]
[i0.wp.com/www.hophopfood.org/wp-content/uploads/2022/10/quotation7b20.png]
[i0.wp.com/www.hophopfood.org/wp-content/uploads/2022/10/imageapple465b.png]
[i0.wp.com/www.hophopfood.org/wp-content/uploads/2022/10/imageappleac3b.png]
[i0.wp.com/www.hophopfood.org/wp-content/uploads/2022/12/googleFR465b.png]
[i0.wp.com/www.hophopfood.org/wp-content/uploads/2022/12/googleFRac3b.png]
[stats.wp.com/e-202351.js]
[www.hophopfood.org/wp-content/plugins/elementor/assets/js/frontend.minaad7.js]
[www.hophopfood.org/_jb_static/index2923.html]
[www.hophopfood.org/wp-includes/js/underscore.mind584.js]
[www.hophopfood.org/contactez-nous/index.html]
[www.hophopfood.org/_jb_static/indexb070.html]
[www.hophopfood.org/wp-includes/js/wp-util.mincf83.js]
[www.hophopfood.org/_jb_static/index3580.html]
[www.hophopfood.org/_jb_static/index4980.html]
[www.hophopfood.org/wp-content/plugins/wpforms-lite/assets/js/integrations/elementor/frontend.min3704.js]
[www.hophopfood.org/index.html]
[www.hophopfood.org/xmlrpc.php]
[www.hophopfood.org/wp-includes/js/mediaelement/mejs-controls.svg]
[www.hophopfood.org/wp-content/plugins/elementor/assets/lib/eicons/fonts/eicons080a.eot]
[www.hophopfood.org/wp-content/plugins/elementor/assets/lib/eicons/fonts/eicons080a.woff]
[www.hophopfood.org/wp-content/plugins/elementor/assets/lib/eicons/fonts/eicons080a.ttf]
[www.hophopfood.org/wp-content/plugins/elementor/assets/lib/eicons/fonts/eicons080a.svg]
[i0.wp.com/www.hophopfood.org/wp-content/uploads/2022/11/3Volontairese8d2.png]
[i0.wp.com/www.hophopfood.org/wp-content/uploads/2023/01/citronbg_1200edf1.png]
[i0.wp.com/www.hophopfood.org/wp-content/uploads/2022/12/118e6.png]
[www.hophopfood.org/wp-content/plugins/elementor/assets/lib/font-awesome/webfonts/fa-solid-900.eot]
[www.hophopfood.org/wp-content/plugins/elementor/assets/lib/font-awesome/webfonts/fa-solid-900d41d.eot]
[www.hophopfood.org/wp-content/plugins/elementor/assets/lib/font-awesome/webfonts/fa-solid-900.woff]
[www.hophopfood.org/wp-content/plugins/elementor/assets/lib/font-awesome/webfonts/fa-solid-900.ttf]
[www.hophopfood.org/wp-content/plugins/elementor/assets/lib/font-awesome/webfonts/fa-solid-900.svg]
[www.hophopfood.org/wp-content/plugins/elementor/assets/lib/font-awesome/webfonts/fa-regular-400.eot]
[www.hophopfood.org/wp-content/plugins/elementor/assets/lib/font-awesome/webfonts/fa-regular-400d41d.eot]
[www.hophopfood.org/wp-content/plugins/elementor/assets/lib/font-awesome/webfonts/fa-regular-400.woff]
[www.hophopfood.org/wp-content/plugins/elementor/assets/lib/font-awesome/webfonts/fa-regular-400.ttf]
[www.hophopfood.org/wp-content/plugins/elementor/assets/lib/font-awesome/webfonts/fa-regular-400.svg]
[www.hophopfood.org/wp-content/plugins/elementor/assets/lib/font-awesome/webfonts/fa-brands-400.eot]
[www.hophopfood.org/wp-content/plugins/elementor/assets/lib/font-awesome/webfonts/fa-brands-400d41d.eot]
[www.hophopfood.org/wp-content/plugins/elementor/assets/lib/font-awesome/webfonts/fa-brands-400.woff]
[www.hophopfood.org/wp-content/plugins/elementor/assets/lib/font-awesome/webfonts/fa-brands-400.ttf]
[www.hophopfood.org/wp-content/plugins/elementor/assets/lib/font-awesome/webfonts/fa-brands-400.svg]
[www.hophopfood.org/wp-content/plugins/jetpack/modules/shortcodes/img/slideshow-controls.png]
[www.hophopfood.org/wp-content/plugins/jetpack/modules/shortcodes/img/slideshow-controls-2x.png]
[www.hophopfood.org/wp-content/plugins/jetpack/modules/shortcodes/images/slide-nav.png]
[www.hophopfood.org/wp-content/plugins/jetpack/modules/shortcodes/images/expand.png]
[www.hophopfood.org/wp-content/plugins/jetpack/modules/shortcodes/images/collapse.png]
[secure.gravatar.com/images/grav-share-sprite.png]
[www.hophopfood.org/_jb_static/indexa182.html]
[www.hophopfood.org/wp-includes/fonts/dashicons7d4b.eot]
[www.hophopfood.org/wp-includes/fonts/dashicons7d4b.ttf]
[www.hophopfood.org/wp-includes/css/dashicons.min1e39.css]
[www.hophopfood.org/wp-content/uploads/2018/02/logo-rond-e1518433094921.html]
[www.hophopfood.org/accueil-2/index.html]
[www.hophopfood.org/wp-content/uploads/2023/01/femmeport-1024x576.jpg]
[www.hophopfood.org/wp-content/plugins/smart-slider-3/Public/SmartSlider3/Application/Frontend/Assets/dist/smartslider.min9cff.css]
[www.hophopfood.org/_jb_static/index6c2b.html]
[www.hophopfood.org/wp-json/wp/v2/pages/13180.json]
[www.hophopfood.org/wp-json/oembed/1.0/embedbcdd.json]
[www.hophopfood.org/wp-json/oembed/1.0/embed53c7]
[www.hophopfood.org/wp-content/plugins/smart-slider-3/Public/SmartSlider3/Application/Frontend/Assets/dist/n2.min9cff.js]
[www.hophopfood.org/wp-content/plugins/smart-slider-3/Public/SmartSlider3/Application/Frontend/Assets/dist/smartslider-frontend.min9cff.js]
[www.hophopfood.org/wp-content/plugins/smart-slider-3/Public/SmartSlider3/Slider/SliderType/Simple/Assets/dist/ss-simple.min9cff.js]
[i0.wp.com/www.hophopfood.org/wp-content/uploads/2023/01/femmeportb7e8.jpg]
[www.hophopfood.org/wp-content/uploads/2023/02/NoticeHHFProJan23.pdf]
[i0.wp.com/www.hophopfood.org/wp-content/uploads/2022/12/epicier54f9.png]
[i0.wp.com/www.hophopfood.org/wp-content/uploads/2023/01/RomainTOUTBONVracb077.jpg]
[i0.wp.com/www.hophopfood.org/wp-content/uploads/2022/11/TaxePro-1c145.png]
[i0.wp.com/www.hophopfood.org/wp-content/uploads/2022/11/intermarcha9bb.png]
[i0.wp.com/www.hophopfood.org/wp-content/uploads/2022/11/francetva9bb.png]
[i0.wp.com/www.hophopfood.org/wp-content/uploads/2022/11/France3-3a9bb.png]
[i0.wp.com/www.hophopfood.org/wp-content/uploads/2022/11/Fance3a9bb.png]
[i0.wp.com/www.hophopfood.org/wp-content/uploads/2022/12/CarteVert713d.png]
[www.google.com/recaptcha/api2d23.js]
[www.hophopfood.org/professionnels/index.html]
[www.hophopfood.org/_jb_static/index03ea.html]
[www.hophopfood.org/_jb_static/index25ec.html]
[www.hophopfood.org/_jb_static/indexbc58.html]
[www.hophopfood.org/wp-content/uploads/elementor/thumbs/Particulier-pwq922hkk9zkbfjenxdgpnhoqha4079qhej81koi3c.png]
[www.hophopfood.org/_jb_static/indexbbd0.html]
[www.hophopfood.org/produits-suspendus/index.html]
[www.hophopfood.org/wp-json/wp/v2/pages/9203.json]
[www.hophopfood.org/wp-json/oembed/1.0/embed39da.json]
[www.hophopfood.org/wp-json/oembed/1.0/embed0325]
[i0.wp.com/www.hophopfood.org/wp-content/uploads/2022/11/3Volontairesad63.png]
[www.hophopfood.org/particuliers-2/index.html]
[www.hophopfood.org/particuliers-2/volontaires/index.html]
[www.hophopfood.org/wp-content/uploads/2023/01/markus-spiske-NWdVzv1dVo-unsplash-1024x674.jpg]
[www.hophopfood.org/_jb_static/index9e07.html]
[www.hophopfood.org/_jb_static/indexc677.html]
[www.hophopfood.org/wp-json/wp/v2/pages/14324.json]
[www.hophopfood.org/wp-json/oembed/1.0/embedf7fe.json]
[www.hophopfood.org/wp-json/oembed/1.0/embed5c3f]
[i0.wp.com/www.hophopfood.org/wp-content/uploads/2023/01/markus-spiske-NWdVzv1dVo-unsplashd251.jpg]
[i0.wp.com/www.hophopfood.org/wp-content/uploads/2020/09/Equipe-040920adf7.jpg]
[i0.wp.com/www.hophopfood.org/wp-content/uploads/2019/04/Bénévolesf05f.jpg]
[i0.wp.com/www.hophopfood.org/wp-content/uploads/2023/01/37d6b.jpg]
[i0.wp.com/www.hophopfood.org/wp-content/uploads/2023/01/383fa.jpg]
[i0.wp.com/www.hophopfood.org/wp-content/uploads/2023/01/collecteee8c.jpg]
[i0.wp.com/www.hophopfood.org/wp-content/uploads/2023/01/collecte83fa.jpg]
[i0.wp.com/www.hophopfood.org/wp-content/uploads/2023/01/RomainTOUTBONVracb271.jpg]
[i0.wp.com/www.hophopfood.org/wp-content/uploads/2023/01/576a1.jpg]
[i0.wp.com/www.hophopfood.org/wp-content/uploads/2023/01/Volontaire18006283.jpg]
[i0.wp.com/www.hophopfood.org/wp-content/uploads/2023/01/Volontaire1800f9bb.jpg]
[i0.wp.com/www.hophopfood.org/wp-content/uploads/2022/11/3Volontaires4cff.png]
[i0.wp.com/www.hophopfood.org/wp-content/uploads/2022/11/3Volontaires48e3.png]
[i0.wp.com/www.hophopfood.org/wp-content/uploads/2023/12/th465b.jpg]
[i0.wp.com/www.hophopfood.org/wp-content/uploads/2023/12/1cabas1etudiant465b.png]
[i0.wp.com/www.hophopfood.org/wp-content/uploads/2023/03/Essoneeb45.png]
[i0.wp.com/www.hophopfood.org/wp-content/uploads/2023/03/Essone465b.png]
[i0.wp.com/www.hophopfood.org/wp-content/uploads/2023/03/Essonef9b5.png]
[i0.wp.com/www.hophopfood.org/wp-content/uploads/2023/03/serviceciviceb45.png]
[i0.wp.com/www.hophopfood.org/wp-content/uploads/2023/03/servicecivic465b.png]
[i0.wp.com/www.hophopfood.org/wp-content/uploads/2023/03/servicecivicf9b5.png]
[i0.wp.com/www.hophopfood.org/wp-content/uploads/2023/03/RegionIDFeb45.png]
[i0.wp.com/www.hophopfood.org/wp-content/uploads/2023/03/RegionIDF465b.png]
[i0.wp.com/www.hophopfood.org/wp-content/uploads/2023/03/RegionIDFf9b5.png]
[i0.wp.com/www.hophopfood.org/wp-content/uploads/2023/03/Ademeeb45.png]
[i0.wp.com/www.hophopfood.org/wp-content/uploads/2023/03/Ademe465b.png]
[i0.wp.com/www.hophopfood.org/wp-content/uploads/2023/03/Ademef9b5.png]
[i0.wp.com/www.hophopfood.org/wp-content/uploads/2023/03/gastroeb45.png]
[i0.wp.com/www.hophopfood.org/wp-content/uploads/2023/03/gastro465b.png]
[i0.wp.com/www.hophopfood.org/wp-content/uploads/2023/03/gastrof9b5.png]
[i0.wp.com/www.hophopfood.org/wp-content/uploads/2023/03/sossialy465b.png]
[i0.wp.com/www.hophopfood.org/wp-content/uploads/2023/03/studyassur465b.png]
[i0.wp.com/www.hophopfood.org/wp-content/uploads/2023/03/hec465b.png]
[i0.wp.com/www.hophopfood.org/wp-content/uploads/2023/03/vendredi465b.png]
[i0.wp.com/www.hophopfood.org/wp-content/uploads/2023/03/biocbon465b.png]
[i0.wp.com/www.hophopfood.org/wp-content/uploads/2023/03/simonedonne465b.png]
[i0.wp.com/www.hophopfood.org/wp-content/uploads/2023/03/hottinguer465b.png]
[i0.wp.com/www.hophopfood.org/wp-content/uploads/2023/03/carrefour465b.png]
[i0.wp.com/www.hophopfood.org/wp-content/uploads/2023/03/yotta465b.png]
[i0.wp.com/www.hophopfood.org/wp-content/uploads/2023/03/aubay465b.png]
[i0.wp.com/www.hophopfood.org/wp-content/uploads/2023/03/fivesaeson465b.png]
[i0.wp.com/www.hophopfood.org/wp-content/uploads/2023/03/mazars465b.png]
[i0.wp.com/www.hophopfood.org/wp-content/uploads/2023/03/worldline465b.jpg]
[i0.wp.com/www.hophopfood.org/wp-content/uploads/2023/03/ingenico465b.jpg]
[i0.wp.com/www.hophopfood.org/wp-content/uploads/2023/03/eurogroup465b.jpg]
[i0.wp.com/www.hophopfood.org/wp-content/uploads/2023/03/ey465b.jpg]
[www.hophopfood.org/_jb_static/indexd22d.html]
[www.hophopfood.org/wp-content/plugins/header-footer-elementor/inc/js/frontend2e47.js]
[www.hophopfood.org/nous-connaitre/index.html]
[www.juicer.io/embed/hophopfood/wp-plugin-1-121c5a.js]
[www.hophopfood.org/wp-content/uploads/2022/11/TaxePro-1.png]
[www.hophopfood.org/_jb_static/index4c52.html]
[www.hophopfood.org/wp-json/wp/v2/pages/11154.json]
[www.hophopfood.org/wp-json/oembed/1.0/embedd04e.json]
[www.hophopfood.org/wp-json/oembed/1.0/embed9b87]
[i0.wp.com/www.hophopfood.org/wp-content/uploads/2022/11/TaxePro-19b68.png]
[i0.wp.com/www.hophopfood.org/wp-content/uploads/2022/11/Mecenat4b04.png]
[i0.wp.com/www.hophopfood.org/wp-content/uploads/2022/11/Logo-2019-KOEO-300x300-1465b.png]
[i0.wp.com/www.hophopfood.org/wp-content/uploads/2022/11/6311b315c483a23f04334f13_WENABI_LOGOTYPE_03-p-50063ba.png]
[i0.wp.com/www.hophopfood.org/wp-content/uploads/2022/11/619bc9418d0e8c97727c8226_Entreprise1a60.png]
[i0.wp.com/www.hophopfood.org/wp-content/uploads/2022/11/logo9ac4.png]
[i0.wp.com/www.hophopfood.org/wp-content/uploads/2022/11/Engageparise2a5.png]
[www.hophopfood.org/nous-aider/index.html]
[www.hophopfood.org/team-building-solidaire/index.html]
[www.hophopfood.org/_jb_static/index2c58.html]
[www.hophopfood.org/wp-content/uploads/2020/11/HHF-Bannière-facebook.png]
[www.hophopfood.org/_jb_static/index112f.html]
[www.hophopfood.org/wp-json/wp/v2/pages/15079.json]
[www.hophopfood.org/wp-json/oembed/1.0/embedd02e.json]
[www.hophopfood.org/wp-json/oembed/1.0/embedf480]
[www.hophopfood.org/contactez-nous/index.html]
[www.hophopfood.org/conditions-generales-dutilisation/index.html]
[www.hophopfood.org/conditions-generales-dutilisation-commerces-solidaires/index.html]
[www.hophopfood.org/mentions-legales/index.html]
[www.hophopfood.org/politique-de-confidentialite/index.html]
[www.hophopfood.org/_jb_static/index2923.html]
[www.hophopfood.org/wp-includes/js/mediaelement/mejs-controls.svg]
[www.hophopfood.org/wp-content/plugins/elementor/assets/lib/eicons/fonts/eicons080a.html]
[www.hophopfood.org/wp-content/plugins/elementor/assets/lib/eicons/fonts/eicons080a.svg]
[www.hophopfood.org/wp-content/plugins/elementor/assets/lib/font-awesome/webfonts/fa-solid-900.html]
[www.hophopfood.org/_jb_static/indexa7ae.html]
[www.hophopfood.org/_jb_static/indexfa93.html]
[www.hophopfood.org/wp-content/plugins/elementor/assets/lib/font-awesome/webfonts/fa-solid-900.svg]
[www.hophopfood.org/wp-content/plugins/elementor/assets/lib/font-awesome/webfonts/fa-regular-400.html]
[www.hophopfood.org/wp-content/plugins/elementor/assets/lib/font-awesome/webfonts/fa-regular-400.svg]
[www.hophopfood.org/wp-content/plugins/elementor/assets/lib/font-awesome/webfonts/fa-brands-400.html]
[www.hophopfood.org/wp-content/plugins/elementor/assets/lib/font-awesome/webfonts/fa-brands-400.svg]
[i0.wp.com/www.hophopfood.org/wp-content/uploads/2023/01/citrontrans20edf1.png]
[i0.wp.com/www.hophopfood.org/wp-content/uploads/2022/10/CompteValid0291.png]
[www.hophopfood.org/_jb_static/index6c2b.html]
[www.hophopfood.org/wp-content/plugins/smart-slider-3/Public/SmartSlider3/Application/Frontend/Assets/dist/smartslider.min9cff.css]
[www.hophopfood.org/wp-content/uploads/2023/01/money-256319_1920-300x200.jpg]
[www.hophopfood.org/_jb_static/index00ab.html]
[www.hophopfood.org/wp-json/wp/v2/pages/12766.json]
[www.hophopfood.org/wp-json/oembed/1.0/embed56d8.json]
[www.hophopfood.org/wp-json/oembed/1.0/embed306b]
[i0.wp.com/www.hophopfood.org/wp-content/uploads/2023/01/money-256319_192010be.jpg]
[i0.wp.com/www.hophopfood.org/wp-content/uploads/2022/12/produits-_-services-suspendus465b.jpg]
[i0.wp.com/www.hophopfood.org/wp-content/uploads/2023/01/RomainTOUTBONVrac10be.jpg]
[i0.wp.com/www.hophopfood.org/wp-content/uploads/2022/10/CompteValid4cff.png]
[www.hophopfood.org/produits-suspendus/index.html]
[www.hophopfood.org/wp-content/plugins/forminator/assets/forminator-ui/fonts/forminator-icons-font8782.eot]
[www.hophopfood.org/wp-content/plugins/forminator/assets/forminator-ui/fonts/forminator-icons-font8782.woff]
[www.hophopfood.org/wp-content/plugins/forminator/assets/forminator-ui/fonts/forminator-icons-font8782.ttf]
[www.hophopfood.org/wp-content/plugins/forminator/assets/forminator-ui/fonts/forminator-icons-font8782.svg]
[www.hophopfood.org/wp-content/plugins/forminator/assets/img/flags.png]
[www.hophopfood.org/wp-content/plugins/forminator/assets/img/flags@2x.png]
[www.hophopfood.org/_jb_static/index03ea.html]
[www.hophopfood.org/_jb_static/indexbbd0.html]
[www.hophopfood.org/particuliersv2/beneficiaires/index.html]
[www.hophopfood.org/particuliers-2/beneficiaires/index.html]
[www.hophopfood.org/_jb_static/indexfe28.html]
[www.hophopfood.org/wp-json/wp/v2/pages/9263.json]
[www.hophopfood.org/wp-json/oembed/1.0/embedcc68.json]
[www.hophopfood.org/wp-json/oembed/1.0/embed4e2b]
[i0.wp.com/www.hophopfood.org/wp-content/uploads/2022/11/volontaireaccuielef38.png]
[i0.wp.com/www.hophopfood.org/wp-content/uploads/2022/11/Mecenat8965.png]
[i0.wp.com/www.hophopfood.org/wp-content/uploads/2022/11/Logo-2019-KOEO-300x300-14cff.png]
[i0.wp.com/www.hophopfood.org/wp-content/uploads/2022/11/logo_asc_header636f.png]
[i0.wp.com/www.hophopfood.org/wp-content/uploads/2023/01/DonHHFd787.png]
[i0.wp.com/www.hophopfood.org/wp-content/uploads/2023/01/Fruite41d.jpg]
[i0.wp.com/www.hophopfood.org/wp-content/uploads/2023/01/Fruitb9e7.jpg]
[i0.wp.com/www.hophopfood.org/wp-content/uploads/2022/11/Cherched4ea.png]
[i0.wp.com/www.hophopfood.org/wp-content/uploads/2022/11/Cherchececa.png]
[www.hophopfood.org/particuliers-2/volontaires/index.html]
[www.hophopfood.org/particuliersv2/volontairesv2/index.html]
[i0.wp.com/www.hophopfood.org/wp-content/uploads/2022/12/produits-_-services-suspendus0e9e.jpg]
[www.hophopfood.org/_jb_static/index5fc2.html]
[www.hophopfood.org/_jb_static/index8040.html]
[i0.wp.com/www.hophopfood.org/wp-content/uploads/2023/01/Quisommesnous1e9c.jpg]
[i0.wp.com/www.hophopfood.org/wp-content/uploads/2023/01/citronbge8d2.png]
[i0.wp.com/www.hophopfood.org/wp-content/uploads/2023/01/citrontransedf1.png]
[i0.wp.com/www.hophopfood.org/wp-content/uploads/2023/01/carteniceedf1.png]
[www.hophopfood.org/_jb_static/index9e07.html]
[www.hophopfood.org/_jb_static/indexd22d.html]
[i0.wp.com/www.hophopfood.org/wp-content/uploads/2022/11/Volontaireinverse-1d55f.png]
[i0.wp.com/www.hophopfood.org/wp-content/uploads/2023/01/money-256312-2f45a.jpg]
[www.hophopfood.org/_jb_static/index4c52.html]
[www.hophopfood.org/_jb_static/index112f.html]
[www.hophopfood.org/_jb_static/indexa7ae.html]
[i0.wp.com/www.hophopfood.org/wp-content/uploads/2022/12/produits-_-services-suspenduse994.jpg]
[i0.wp.com/www.hophopfood.org/wp-content/uploads/2022/12/CarteVert9265.png]
[www.hophopfood.org/_jb_static/index00ab.html]
[www.hophopfood.org/wp-content/plugins/forminator/assets/forminator-ui/fonts/forminator-icons-font8782.html]
[www.hophopfood.org/wp-content/plugins/forminator/assets/forminator-ui/fonts/forminator-icons-font8782.svg]
[www.hophopfood.org/wp-content/uploads/2022/12/googleFR-150x150.png]
[www.hophopfood.org/_jb_static/index8923.html]
[www.hophopfood.org/wp-json/wp/v2/pages/12594.json]
[www.hophopfood.org/wp-json/oembed/1.0/embed6c9b.json]
[www.hophopfood.org/wp-json/oembed/1.0/embedbff7]
[www.hophopfood.org/wp-content/plugins/smart-slider-3/Public/SmartSlider3/Widget/Arrow/ArrowImage/Assets/dist/w-arrow-image.min9cff.js]
[i0.wp.com/www.hophopfood.org/wp-content/uploads/2023/01/Hommeportb7e8.jpg]
[i0.wp.com/www.hophopfood.org/wp-content/uploads/2023/01/screencoded787.png]
[i0.wp.com/www.hophopfood.org/wp-content/uploads/2023/01/Portable-test1d787.png]
[i0.wp.com/www.hophopfood.org/wp-content/uploads/2022/10/Collectecommerced787.png]
[i0.wp.com/www.hophopfood.org/wp-content/uploads/2023/01/Panier48e3.jpg]
[i0.wp.com/www.hophopfood.org/wp-content/uploads/2022/10/fondparticulierd787.png]
[i0.wp.com/www.hophopfood.org/wp-content/uploads/2022/10/NoterB73c0.png]
[i0.wp.com/www.hophopfood.org/wp-content/uploads/2022/10/Cherchececa.png]
[www.hophopfood.org/particuliers-2/beneficiaires/index.html]
[www.hophopfood.org/_jb_static/indexfe28.html]
[www.hophopfood.org/_jb_static/index5fc2.html]
[www.hophopfood.org/_jb_static/index8923.html]
[www.hophopfood.org/wp-content/uploads/2022/11/volontaireaccuiel-1024x419.png]
